
#1.  import_key init 5JbLA2gCHs7T9XhrCpcMJoJk3Y8EA41Y6to87GuQwMHWoJ9ZHYH
     

#2.    	

    import_key init1 5J9rkFTZqn9VY4w8Kyw2K2nnFLDQ4BHwjVezTsn4Z6cy6bHkqjR
	import_key init2 5J9rkFTZqn9VY4w8Kyw2K2nnFLDQ4BHwjVezTsn4Z6cy6bHkqjR
	import_key init3 5J9rkFTZqn9VY4w8Kyw2K2nnFLDQ4BHwjVezTsn4Z6cy6bHkqjR
	import_key init4 5J9rkFTZqn9VY4w8Kyw2K2nnFLDQ4BHwjVezTsn4Z6cy6bHkqjR
	import_key init5 5J9rkFTZqn9VY4w8Kyw2K2nnFLDQ4BHwjVezTsn4Z6cy6bHkqjR
	import_key init6 5J9rkFTZqn9VY4w8Kyw2K2nnFLDQ4BHwjVezTsn4Z6cy6bHkqjR
	
	{"private_key":"5KV3RG172g6wcsainBmdpPFYAFBniWxJkFSLJh2YY46VkkBJeVh","public_key":"YYW5jJQfdGRgLvAeqHas4EYMryzwyBJXgJaZEwaSy2zCsvtSYiMKj"},
	{"private_key":"5JDJdcFrx6HEbQ9etbMuhQ5EMwmqTGBNYAAVQLWjtc5wLaZBiAf","public_key":"YYW5KWYNAJYFf7Y9qQBoTr2E1gzKzBBKtBZA2uC1WTnBenG8JsNBT"},
	{"private_key":"5KVFzJdUnaiNrMBEvoUjPbMT9fXP296hCxDVtTh21h45NSDeVse","public_key":"YYW7JpFyMc3m95w2NiVuPBeESVLavfqe9qcAi7zemE2ov1uPAWpqv"},
	{"private_key":"5JK77TMRzcjqq52u4HSdqcZ1h8PEL2PicrRpvNabZf2tqg8B7YU","public_key":"YYW7AJq5qvubh1dyWejRoi79tCyuiKwxs3tNLDrbuYFupfa2T5hZm"},
	{"private_key":"5HsHVHc8ryekCvqkWoJKcrchq2kSPYrhNZtsGMQ5A1FZV7iDWjJ","public_key":"YYW6k64kZUJp8H9i7GLvmv8ZcideUrVEVwHmMJVqXvHcyzv6qURaD"},
	{"private_key":"5HqQQde5GQHc1vjmWm96cwTAMHhJMBA6o8EDrfoHNWaxJoJ4gZh","public_key":"YYW6K99BgoWJzca4QhLuRYq1j8ZbeqHLsLfB2r4biydVWRRBvvqTJ"},
	{"private_key":"5JuuQqWEyrL4Vd3C8GhchNvmoGaZsPHnX99Epcq3ooEQkMDztnL","public_key":"YYW7zX4N2NsXoeEhBLaR3VJoN2na9HP15suJSG6wQeJbj6bxvzBCL"},
	{"private_key":"5J7v5VYjSR523euuVX9VS7a69amgTQj8ASQLfmWa6916mceJbiF","public_key":"YYW6ukbtJq1fhdoHPmvmH8ePssveuguvZrxJJatB8vxA9p7CEhD4W"},
	{"private_key":"5JKsA3Lnc7YmyRQ53DgFKBVwKmyd3mtUKbgYxQzk8Dd5p7Nfuh9","public_key":"YYW7RpffbtehDchGh5tFETXZbGgQPUZJ9vLGMPfEyHxLLQmvFpxe1"},
	{"private_key":"5J2nZArL1yiVzJUoHwMR4fuSsAVVV6EgTbGw8DjFTL1qi6P8NQs","public_key":"YYW8BVzoM36ocAMo42DPsNaG1fFo19XicEmCs5CfKhSmMMkaBfAAb"},
	{"private_key":"5KbuHNCM1wxA5wM3nCXV4V3Dj7Rgs94wpvv5KxcFBuQPJH4XH8U","public_key":"YYW8K2cMvr5omtmvbAGxfqi1zN2XZMqoBwpLPfN87ivT644Ft5xmg"},
	{"private_key":"5JTpqf39D5ev1u1ub6BDceVFxmm12bZKLwssFCdKCQVUhNosgU9","public_key":"YYW7Gmfo2vvqNVc9WWoZdsH6m9mpt6iQozeSf2jqwwKAm1ZVDYdt7"},
	
	
	{"private_key":"5JaoAmi56oAtFLsEGwbnH692NNSVsEPgXfTqsW9BHoMSnZS7hyt","public_key":"YYW8Bp8VssSxMbfvMh7LbArJaCa8A1Vz77hfgwQfPxKLft3ekxWWx","address":{"addr":"cdd8b03e820eb587e024327750ea33cf6546d74d"}},
    {"private_key":"5KkBzMVf6WSxZgZpQfkdNoTANxCm3w6j5ryH6yBBszh3W3DxDXL","public_key":"YYW5eJUgbWzjAd4Pwn2ZftYg77GubCPt5sA2kjSaTGEaBzv1AhGqP","address":{"addr":"6e18dd9495d7b1d0f7949f66854c336274bb0c7f"}},
    {"private_key":"5Jk833tgi8FMueToaQMVnhAxibeDMz1vN2vThprr4v4eUbhviHm","public_key":"YYW4vD5afoAHHq6BkovGHuRJVWc79YaFAV2iDgaSczbhsdP6jZskr","address":{"addr":"6deb3db69c0f3d6d9bf75d7d7594ce662e0beee9"}},
    {"private_key":"5JDrz4g2tu7b3zPuQgGepSPtqaAo6zSdqwDGd79LSoRG317VABv","public_key":"YYW53wVhW7DdDQKEy7bqBPYHDR4hMoACxR45ZY9zNSj9MuwgNWftA","address":{"addr":"751cffbb3c99d275b46830c5e7f41ea03380254e"}},
    {"private_key":"5KNryGaCnmjFCpHRkn4evhWMe8PCbs7WGhWRBKRG359i7G7FZ9d","public_key":"YYW85kRtmZ9Xo7U7viXPKtHEz5NvRNtmPsUKY1yqRdU5ENTCQTWxK","address":{"addr":"99dd403e11a7fb0423f53c3db5141289a647c053"}},
    {"private_key":"5KHQ5a4EyAerCFEWtjDRtgZb5SEYE6DiNGHyB7PRAfNp8NQ6xsY","public_key":"YYW7RTXCbALzTDVMJ6y7XWD4Ki942o7WCdVfbhYzj1Y8UbYmF843b","address":{"addr":"22876b30e139ae633804f55aad2161ff078307a1"}},


    register_account test1 YYW5jJQfdGRgLvAeqHas4EYMryzwyBJXgJaZEwaSy2zCsvtSYiMKj YYW5jJQfdGRgLvAeqHas4EYMryzwyBJXgJaZEwaSy2zCsvtSYiMKj init init 0 120 true true

    register_account test2 YYW5KWYNAJYFf7Y9qQBoTr2E1gzKzBBKtBZA2uC1WTnBenG8JsNBT YYW5KWYNAJYFf7Y9qQBoTr2E1gzKzBBKtBZA2uC1WTnBenG8JsNBT init init 0 121 true true

    register_account test3 YYW7JpFyMc3m95w2NiVuPBeESVLavfqe9qcAi7zemE2ov1uPAWpqv YYW7JpFyMc3m95w2NiVuPBeESVLavfqe9qcAi7zemE2ov1uPAWpqv init init 0 122 true true

    register_account test4 YYW7AJq5qvubh1dyWejRoi79tCyuiKwxs3tNLDrbuYFupfa2T5hZm YYW7AJq5qvubh1dyWejRoi79tCyuiKwxs3tNLDrbuYFupfa2T5hZm init init 0 123 true true

    register_account test5 YYW6k64kZUJp8H9i7GLvmv8ZcideUrVEVwHmMJVqXvHcyzv6qURaD YYW6k64kZUJp8H9i7GLvmv8ZcideUrVEVwHmMJVqXvHcyzv6qURaD init init 0 124 true true

    register_account test6 YYW6K99BgoWJzca4QhLuRYq1j8ZbeqHLsLfB2r4biydVWRRBvvqTJ YYW6K99BgoWJzca4QhLuRYq1j8ZbeqHLsLfB2r4biydVWRRBvvqTJ init init 0 125 true true

    register_account test7 YYW7zX4N2NsXoeEhBLaR3VJoN2na9HP15suJSG6wQeJbj6bxvzBCL YYW7zX4N2NsXoeEhBLaR3VJoN2na9HP15suJSG6wQeJbj6bxvzBCL init init 0 126 true true

    register_account test8 YYW6ukbtJq1fhdoHPmvmH8ePssveuguvZrxJJatB8vxA9p7CEhD4W YYW6ukbtJq1fhdoHPmvmH8ePssveuguvZrxJJatB8vxA9p7CEhD4W init init 0 127 true true

    register_account test9 YYW7RpffbtehDchGh5tFETXZbGgQPUZJ9vLGMPfEyHxLLQmvFpxe1 YYW7RpffbtehDchGh5tFETXZbGgQPUZJ9vLGMPfEyHxLLQmvFpxe1 init init 0 128 true true

    register_account test10 YYW8BVzoM36ocAMo42DPsNaG1fFo19XicEmCs5CfKhSmMMkaBfAAb YYW8BVzoM36ocAMo42DPsNaG1fFo19XicEmCs5CfKhSmMMkaBfAAb init init 0 129 true true

    register_account platform_account1 YYW8K2cMvr5omtmvbAGxfqi1zN2XZMqoBwpLPfN87ivT644Ft5xmg YYW8K2cMvr5omtmvbAGxfqi1zN2XZMqoBwpLPfN87ivT644Ft5xmg init init 0 130 true true

    register_account platform_account2 YYW7Gmfo2vvqNVc9WWoZdsH6m9mpt6iQozeSf2jqwwKAm1ZVDYdt7 YYW7Gmfo2vvqNVc9WWoZdsH6m9mpt6iQozeSf2jqwwKAm1ZVDYdt7 init init 0 131 true true
	   

#3.    collect_csaf init init 1000 YOYO 1545289965 true true
       collect_csaf init init1 1000 YOYO 1545289965 true true
       collect_csaf init init2 1000 YOYO 1545289965 true true
       collect_csaf init init3 1000 YOYO 1545289965 true true
       collect_csaf init init4 1000 YOYO 1545289965 true true
       collect_csaf init init5 1000 YOYO 1545289965 true true
       collect_csaf init init6 1000 YOYO 1545289965 true true
       collect_csaf init init7 1000 YOYO 1545289965 true true
       collect_csaf init init8 1000 YOYO 1545289965 true true
       collect_csaf init init9 1000 YOYO 1545289965 true true
       collect_csaf init init10 1000 YOYO 1545289965 true true

       collect_csaf init test1  1000 YOYO 1545289965 true true
       collect_csaf init test2  1000 YOYO 1545289965 true true
       collect_csaf init test3  1000 YOYO 1545289965 true true
       collect_csaf init test4  1000 YOYO 1545289965 true true
       collect_csaf init test5  1000 YOYO 1545289965 true true
       collect_csaf init test6  1000 YOYO 1545289965 true true
       collect_csaf init test7  1000 YOYO 1545289965 true true
       collect_csaf init test8  1000 YOYO 1545289965 true true
       collect_csaf init test9  1000 YOYO 1545289965 true true
       collect_csaf init test10 1000 YOYO 1545289965 true true
       collect_csaf init platform_account1  1000 YOYO 1545289965 true true
       collect_csaf init platform_account2 1000 YOYO 1545289965 true true
	   
#3.    transfer init test1 2000000 YOYO "" true true
       transfer init test2 1000000 YOYO "" true true
       transfer init test3 100000 YOYO "" true true
       transfer init test4 100000 YOYO "" true true
       transfer init test5 100000 YOYO "" true true
       transfer init test6 100000 YOYO "" true true
       transfer init test7 100000 YOYO "" true true
       transfer init test8 1000000 YOYO "" true true
       transfer init test9 1000000 YOYO "" true true
       transfer init test10 1000000 YOYO "" true true

       transfer init platform_account1 100000 YOYO "" true true
       transfer init platform_account2 100000 YOYO "" true true


#4.    import_key platform_account1  5KbuHNCM1wxA5wM3nCXV4V3Dj7Rgs94wpvv5KxcFBuQPJH4XH8U
	   import_key platform_account2 5JTpqf39D5ev1u1ub6BDceVFxmm12bZKLwssFCdKCQVUhNosgU9

#5.    create_platform platform_account1 platform1 10000 YOYO "www.baidu.com" "" true true
       create_platform platform_account2 platform2 10000 YOYO "www.google.com" "" true true

#6.    
       import_key test1 5KV3RG172g6wcsainBmdpPFYAFBniWxJkFSLJh2YY46VkkBJeVh
       import_key test2 5JDJdcFrx6HEbQ9etbMuhQ5EMwmqTGBNYAAVQLWjtc5wLaZBiAf
       import_key test3 5KVFzJdUnaiNrMBEvoUjPbMT9fXP296hCxDVtTh21h45NSDeVse
       import_key test4 5JK77TMRzcjqq52u4HSdqcZ1h8PEL2PicrRpvNabZf2tqg8B7YU
       import_key test5 5HsHVHc8ryekCvqkWoJKcrchq2kSPYrhNZtsGMQ5A1FZV7iDWjJ

       import_key test6 5HqQQde5GQHc1vjmWm96cwTAMHhJMBA6o8EDrfoHNWaxJoJ4gZh
       import_key test7 5JuuQqWEyrL4Vd3C8GhchNvmoGaZsPHnX99Epcq3ooEQkMDztnL
       import_key test8 5J7v5VYjSR523euuVX9VS7a69amgTQj8ASQLfmWa6916mceJbiF
       import_key test9 5JKsA3Lnc7YmyRQ53DgFKBVwKmyd3mtUKbgYxQzk8Dd5p7Nfuh9
       import_key test10 5J2nZArL1yiVzJUoHwMR4fuSsAVVV6EgTbGw8DjFTL1qi6P8NQs

	   account_auth_platform test1 platform_account1 "" 10000 255 true true
	   account_auth_platform test2 platform_account1 "" 10000 255 true true
       account_auth_platform test3 platform_account1 "" 10000 255 true true
       account_auth_platform test4 platform_account1 "" 10000 255 true true
       account_auth_platform test5 platform_account1 "" 10000 255 true true
       account_auth_platform test6 platform_account1 "" 10000 255 true true
	   account_auth_platform test7 platform_account1 "" 10000 255 true true
       account_auth_platform test8 platform_account1 "" 10000 255 true true
       account_auth_platform test9 platform_account1 "" 10000 255 true true
       account_auth_platform test10 platform_account1 "" 10000 255 true true
	   
	   account_auth_platform test6 platform_account2 "" 10000 255 true true
	   account_auth_platform test7 platform_account2 "" 10000 255 true true
	   account_auth_platform test8 platform_account2 "" 10000 255 true true
	   account_auth_platform test9 platform_account2 "" 10000 255 true true
	   account_auth_platform test10 platform_account2 "" 10000 255 true true


#7.    transfer_extension test1 test1 5000 YOYO "" null true false true true
	   transfer_extension test2 test2 5000 YOYO "" null true false true true
       transfer_extension test3 test3 5000 YOYO "" null true false true true
       transfer_extension test4 test4 5000 YOYO "" null true false true true
       transfer_extension test5 test5 5000 YOYO "" null true false true true
       transfer_extension test6 test6 5000 YOYO "" null true false true true
       transfer_extension test7 test7 5000 YOYO "" null true false true true
       transfer_extension test8 test8 5000 YOYO "" null true false true true
       transfer_extension test9 test9 5000 YOYO "" null true false true true
       transfer_extension test10 test10 5000 YOYO "" null true false true true
	   
 
 #8.   committee_proposal_create init1 [[3 , {content_award_interval : 300,platform_award_interval : 300,max_csaf_per_approval : 100000000,approval_expiration : 31536000,min_effective_csaf : 10,total_content_award_amount : 10000000000000,total_platform_content_award_amount : 10000000000000,total_platform_voted_award_amount : 10000000000000,platform_award_min_votes : 1,platform_award_requested_rank : 100, platform_award_basic_rate : 3000, casf_modulus : 30000, post_award_expiration : 62000000, approval_casf_min_weight : 4000, approval_casf_first_rate : 2000, approval_casf_second_rate : 8000, receiptor_award_modulus : 9000, disapprove_award_modulus : 11000}]] 1300 1 1300 1300 true true
 
 
 #9	   committee_proposal_vote init2 1 1 true true
       committee_proposal_vote init3 1 1 true true
       committee_proposal_vote init4 1 1 true true
       committee_proposal_vote init5 1 1 true true


 #10   create_license platform_account1 1 123456789 license_one dingdngdangdingdingdang extra true true
	   
	   create_post platform_account1 test1 987456321 postname postbody postextry "" "" "" {post_type :0, forward_price :null, receiptors :null, license_lid :1, permission_flags :255, sign_platform :null} true true
	   
	   #account_manage init test1 {can_post : null, can_reply : true, can_rate : true} true true
	   #account_manage init test2 {can_post : null, can_reply : true, can_rate : true} true true
	   #account_manage init test3 {can_post : null, can_reply : true, can_rate : true} true true
	   #account_manage init test4 {can_post : null, can_reply : true, can_rate : true} true true
	   #account_manage init test5 {can_post : null, can_reply : true, can_rate : true} true true
	   #account_manage init test6 {can_post : null, can_reply : true, can_rate : true} true true
	   #account_manage init test7 {can_post : null, can_reply : true, can_rate : true} true true
	   #account_manage init test8 {can_post : null, can_reply : true, can_rate : true} true true
	   #account_manage init test9 {can_post : null, can_reply : true, can_rate : true} true true
	   #account_manage init test10 {can_post : null, can_reply : true, can_rate : true} true true

	   create_post platform_account1 test2 945456321 commentname commentbody commentextry platform_account1 test1 1 {post_type :0, forward_price :null, receiptors :null, license_lid :1, permission_flags :255, sign_platform :null} true true
	   
	   score_a_post test2 platform_account1 test1 2 5 10 null true true
	   
	   reward_post test3 platform_account1 test1 2 1000 YOYO true true
	   
	   reward_post_proxy_by_platform test3 platform_account1 test1 2 1000 null true true
	   
	   update_post platform_account1 test1 2 "" "" "" "" {forward_price : 500, receiptor : test1, to_buyout : true, buyout_ratio : 30, buyout_price : 300, buyout_expiration : 1559972000, license_lid : 1, permission_flags : null, content_sign_platform : null, receiptor_sign_platform : null} true true
	   
	   buyout_post test3 platform_account1 test1 2 test1 null true true
	   
	   create_post platform_account2 test6 66666666 forwardtitle forwardbody forwardextra platform_account1 test1 2 {post_type :2, forward_price :null, receiptors :null, license_lid :1, permission_flags :255, sign_platform :null} true true
	   
	   
	   
	   
	   ########################################################################################
	   
	   create_advertising platform_account1 ad_sell 100 86400 true true
	   
	   update_advertising platform_account1 1 ad_update 10 86400 null true true
	   
	   buy_advertising test1 platform_account1 1 1555974400 30 notes null true true
	   
	   confirm_advertising platform_account1 1 1 true true true
	   
	   ransom_advertising platform_account1 test 1 1 true true
	   
	   
#11.   create_custom_vote test1 "this is a custom vote" "this is a custom vote" 1570636800 0 1000000 1 4 ["aaa", "bbb", "ccc", "ddd", "eee"] true true
       cast_custom_vote test1 test1 1 [0, 1, 2] true true
	   cast_custom_vote test2 test1 1 [2, 3, 4] true true
	   cast_custom_vote test3 test1 1 [0, 1, 2, 4] true true
	   transfer test1 test2 5000 YOYO "" true true
	   
	   
12.	   
	   ###############################################################################################
	   
	   create_witness test1 YYW5jJQfdGRgLvAeqHas4EYMryzwyBJXgJaZEwaSy2zCsvtSYiMKj 50000 YOYO "www.witness.com" true 30 5000 true true
	   
	   update_witness test1 null null null "www.witness1.com.cn" null 3000 true true
	   
	   
	   ###############################################################################################
	   
	   register_account test2 YYW5KWYNAJYFf7Y9qQBoTr2E1gzKzBBKtBZA2uC1WTnBenG8JsNBT YYW5KWYNAJYFf7Y9qQBoTr2E1gzKzBBKtBZA2uC1WTnBenG8JsNBT init init 50 121 true true
       register_account test3 YYW7JpFyMc3m95w2NiVuPBeESVLavfqe9qcAi7zemE2ov1uPAWpqv YYW7JpFyMc3m95w2NiVuPBeESVLavfqe9qcAi7zemE2ov1uPAWpqv init init 50 122 true true
	   
	   register_account test1 YYW5jJQfdGRgLvAeqHas4EYMryzwyBJXgJaZEwaSy2zCsvtSYiMKj YYW5jJQfdGRgLvAeqHas4EYMryzwyBJXgJaZEwaSy2zCsvtSYiMKj init init 50 120 true true
	   
	   
	   create_asset test2  ABC 5 {max_supply : 10000000000000,market_fee_percent : 1000,max_market_fee : 20,issuer_permissions : 15,flags : 1,whitelist_authorities : [],blacklist_authorities : [],whitelist_markets : [],blacklist_markets : [],description : "create test asset",extensions : { reward_percent : 5000 } }  10000000000000 true true
       
	   create_asset test3  CBA 5 {max_supply : 10000000000000,market_fee_percent : 1000,max_market_fee : 20,issuer_permissions : 15,flags : 1,whitelist_authorities : [],blacklist_authorities : [],whitelist_markets : [],blacklist_markets : [],description : "create test asset",extensions : { reward_percent : 5000 } }  10000000000000 true true
	   
	   
       list_assets 0 10
	   
	   list_account_balances test2
	   list_account_balances test3
	   
	   create_limit_order test2 1 10000 2 50000 1579862861 false true true
	   create_limit_order test3 2 50000 1 10000 1579862861 false true true
	   
	   create_asset test4  XYZ 5 {max_supply : 10000000000000,market_fee_percent : 1000,max_market_fee : 20,issuer_permissions : 15,flags : 1,whitelist_authorities : [],blacklist_authorities : [],whitelist_markets : [],blacklist_markets : [],description : "create test asset",extensions : { reward_percent : 5000 } }  10000000000000 true true
	   create_asset test5  ZYX 5 {max_supply : 10000000000000,market_fee_percent : 1000,max_market_fee : 20,issuer_permissions : 15,flags : 1,whitelist_authorities : [],blacklist_authorities : [],whitelist_markets : [],blacklist_markets : [],description : "create test asset",extensions : { reward_percent : 5000 } }  10000000000000 true true
	   
	   create_limit_order test4 3 100000000 4 500000000 1579862861 false true true
	   create_limit_order test5 4 500000000 3 100000000 1579862861 false true true
	   
	   get_ticker XYZ ZYX
	   get_ticker ABC CBA
	   
	   get_24_volume XYZ ZYX
	   get_24_volume ABC CBA
	   
	   create_limit_order test2 1 10000000 2 20000000 1579862861 false true true
	   create_limit_order test3 2 30000000 1 10000000 1579862861 false true true
	   get_order_book ABC CBA 50
	   get_order_book CBA ABC 50
	   
	   get_top_markets 50
	   get_limit_orders ABC CBA 50
	   get_account_limit_orders test2 ABC CBA 50 null null
	   
	   get_market_history ABC CBA 60 1534934400 1585193600
	   get_trade_history ABC CBA 1585020800 1555193600 100
	   get_trade_history_by_sequence ABC CBA 3 1535193600 100
	   
	   

#13.   register_account  witness1 YYW8Bp8VssSxMbfvMh7LbArJaCa8A1Vz77hfgwQfPxKLft3ekxWWx YYW8Bp8VssSxMbfvMh7LbArJaCa8A1Vz77hfgwQfPxKLft3ekxWWx init1 init2 0 140 true true
       import_key        witness1 5JaoAmi56oAtFLsEGwbnH692NNSVsEPgXfTqsW9BHoMSnZS7hyt
	   transfer init witness1 1000000 YOYO "" true true
	   collect_csaf init witness1 1000 YOYO 1545289965 true true
	   create_witness    witness1 YYW8Bp8VssSxMbfvMh7LbArJaCa8A1Vz77hfgwQfPxKLft3ekxWWx 500000 YOYO "pledge mining test" true 6000 true true
	   update_mining_pledge test1 witness1 50000000000 true true
	   update_mining_pledge test2 witness1 50000000000 true true
	   
	   
	   
#14	   
#14	   
	   register_account  witness1 YYW8Bp8VssSxMbfvMh7LbArJaCa8A1Vz77hfgwQfPxKLft3ekxWWx YYW8Bp8VssSxMbfvMh7LbArJaCa8A1Vz77hfgwQfPxKLft3ekxWWx init init1 0 140 true true
	   register_account  witness2 YYW5eJUgbWzjAd4Pwn2ZftYg77GubCPt5sA2kjSaTGEaBzv1AhGqP YYW5eJUgbWzjAd4Pwn2ZftYg77GubCPt5sA2kjSaTGEaBzv1AhGqP init init2 0 141 true true
	   register_account  witness3 YYW4vD5afoAHHq6BkovGHuRJVWc79YaFAV2iDgaSczbhsdP6jZskr YYW4vD5afoAHHq6BkovGHuRJVWc79YaFAV2iDgaSczbhsdP6jZskr init init3 0 142 true true	   
	   register_account  witness4 YYW53wVhW7DdDQKEy7bqBPYHDR4hMoACxR45ZY9zNSj9MuwgNWftA YYW53wVhW7DdDQKEy7bqBPYHDR4hMoACxR45ZY9zNSj9MuwgNWftA init init4 0 143 true true
	   
	   import_key        witness1 5JaoAmi56oAtFLsEGwbnH692NNSVsEPgXfTqsW9BHoMSnZS7hyt
	   import_key        witness2 5KkBzMVf6WSxZgZpQfkdNoTANxCm3w6j5ryH6yBBszh3W3DxDXL
	   import_key        witness3 5Jk833tgi8FMueToaQMVnhAxibeDMz1vN2vThprr4v4eUbhviHm
	   import_key        witness4 5JDrz4g2tu7b3zPuQgGepSPtqaAo6zSdqwDGd79LSoRG317VABv
	   
	   transfer init witness1 1000000 YOYO "" true true
	   transfer init witness2 1000000 YOYO "" true true
	   transfer init witness3 1000000 YOYO "" true true
	   transfer init witness4 1000000 YOYO "" true true
	   
	   collect_csaf init witness1 1000 YOYO 1545289965 true true
	   collect_csaf init witness2 1000 YOYO 1545289965 true true
	   collect_csaf init witness3 1000 YOYO 1545289965 true true
	   collect_csaf init witness4 1000 YOYO 1545289965 true true
	   
	   create_witness    witness1 YYW8Bp8VssSxMbfvMh7LbArJaCa8A1Vz77hfgwQfPxKLft3ekxWWx 500000 YOYO "pledge mining test1" true 6000 true true
	   create_witness    witness2 YYW5eJUgbWzjAd4Pwn2ZftYg77GubCPt5sA2kjSaTGEaBzv1AhGqP 500000 YOYO "pledge mining test2" true 6000 true true
	   create_witness    witness3 YYW4vD5afoAHHq6BkovGHuRJVWc79YaFAV2iDgaSczbhsdP6jZskr 500000 YOYO "pledge mining test3" true 6000 true true
	   create_witness    witness4 YYW53wVhW7DdDQKEy7bqBPYHDR4hMoACxR45ZY9zNSj9MuwgNWftA 500000 YOYO "pledge mining test3" true 6000 true true
	   
	   update_mining_pledge test8  witness1 10000000000 false true
	   update_mining_pledge test9  witness1 10000000000 false true
	   update_mining_pledge test10 witness1 10000000000 false true
	   
	   update_mining_pledge test8  witness2 20000000000 false true
	   update_mining_pledge test9  witness2 20000000000 false true
	   update_mining_pledge test10 witness2 20000000000 false true
	   
	   update_mining_pledge test8  witness3 30000000000 false true
	   update_mining_pledge test9  witness3 30000000000 false true
	   update_mining_pledge test10 witness3 30000000000 false true

	   #15 
	   register_account  witness1 YYW8Bp8VssSxMbfvMh7LbArJaCa8A1Vz77hfgwQfPxKLft3ekxWWx YYW8Bp8VssSxMbfvMh7LbArJaCa8A1Vz77hfgwQfPxKLft3ekxWWx init1 init2 0 140 true true
       import_key        witness1 5JaoAmi56oAtFLsEGwbnH692NNSVsEPgXfTqsW9BHoMSnZS7hyt
	   transfer init witness1 1000000 YOYO "" true true
	   collect_csaf init witness1 1000 YOYO 1545289965 true true
	   create_witness    witness1 YYW8Bp8VssSxMbfvMh7LbArJaCa8A1Vz77hfgwQfPxKLft3ekxWWx 500000 YOYO "pledge mining test" true 6000 true true
	   
	   update_mining_pledge test1 witness1 50000000000 true true
	   update_mining_pledge test1 witness1 20000000000 true true
	   update_mining_pledge test1 witness1 15000000000 true true
	   
	   update_lock_balance test1 2000 true true
	   update_lock_balance test1 1000 true true
	   
	   create_platform test1 platform123 10000 YOYO "www.baidu.com" "" true true
	   update_platform test1 null 20000 YOYO "www.baidu2.com" null true true
	   
	   create_witness  test1 YYW5jJQfdGRgLvAeqHas4EYMryzwyBJXgJaZEwaSy2zCsvtSYiMKj 500000 YOYO "pledge mining test" true 6000 true true
	   update_witness test1 null 600000 YOYO null null null true true
	   
	   create_committee_member test1 800000 YOYO "123" true true
	   update_committee_member test1 600000 YOYO null true true
	   
	   get_account_core_asset_pledge test1
	   
	   update_platform test1 null 0 YOYO null null true true
	   update_witness test1 null 0 YOYO null null null true true
	   update_committee_member test1 0 YOYO null true true
	   update_lock_balance test1 0 true true
	   update_mining_pledge test1 witness1 0 true true
	   
	   get_account_core_asset_pledge test1
	   
	   
	   #16
	   assign_beneficiary init1 test1 true true
	   get_account_statistics init1
	   
	   collect_benefit test1 init1 1 1 YOYO null null true true
	   get_account_statistics test1
	   
	   collect_benefit test1 init1 0 1 YOYO test1 1571308203 true true
	   get_account_statistics test1
	   